ID: 2 Author: AuthorB Subject: SubjectB
Error
ID: 4 Author: AuthorD Subject: SubjectD
ID: 1 Author: AuthorA Subject: SubjectA
ID: 5 Author: AuthorA Subject: SubjectE
ID: 6 Author: AuthorK Subject: SubjectA