Error
ID: 1 Author: AuthorA Subject: SubjectA
ID: 4 Author: AuthorA Subject: SubjectA