A1-2001 was reviewed by 2002. Level: Excellent Competent Excellent Competent
A1-2001 was reviewed by 2003. Level: Excellent Competent Excellent Competent
A1-2001 was reviewed by 2004. Level: Competent NeedsWork Competent NeedsWork
A1-2001 was reviewed by 2005. Level: Trash Excellent Trash Trash
A1-2002 was reviewed by 2001. Level: Competent NeedsWork Competent NeedsWork
A1-2002 was reviewed by 2003. Level: Competent NeedsWork Competent NeedsWork
A1-2002 was reviewed by 2004. Level: Competent NeedsWork Competent NeedsWork
A1-2002 was reviewed by 2005. Level: Excellent Competent Excellent Competent
A1-2003 was reviewed by 2001. Level: Trash Excellent Trash Trash
A1-2003 was reviewed by 2004. Level: Trash Excellent Trash Trash
A1-2003 was reviewed by 2005. Level: Competent NeedsWork Competent NeedsWork
Assignment: A1, Criterion: Knowledge/Understanding, AvgScore: 1.7
Assignment: A1, Criterion: Thinking/Inquiry, AvgScore: 1.8
Assignment: A1, Criterion: Communication, AvgScore: 1.7
Assignment: A1, Criterion: UseOfVisualAids, AvgScore: 1.1
Assignment: A1, Student: 2001, Score: 1.9
Assignment: A1, Student: 2001, Strength: Knowledge/Understanding Thinking/Inquiry
Assignment: A1, Student: 2001, Weakness: UseOfVisualAids
Assignment: A1, Student: 2002, Score: 1.8
Assignment: A1, Student: 2002, Strength: Knowledge/Understanding Communication
Assignment: A1, Student: 2003, Weakness: UseOfVisualAids
Error
Error
Error