Error
Error
A1-2001 was reviewed by 2002. Level: Excellent Competent Excellent Competent
A1-2001 was reviewed by 2003. Level: Excellent Competent Excellent Competent
A1-2001 was reviewed by 2004. Level: Competent NeedsWork Competent NeedsWork
A1-2001 was reviewed by 2005. Level: Trash Excellent Trash Trash
Error
A1-2002 was reviewed by 2001. Level: Competent NeedsWork Competent NeedsWork
A1-2002 was reviewed by 2003. Level: Competent NeedsWork Competent NeedsWork
A1-2002 was reviewed by 2004. Level: Competent NeedsWork Competent NeedsWork
A1-2002 was reviewed by 2005. Level: Excellent Competent Excellent Competent
A1-2003 was reviewed by 2001. Level: Trash Excellent Trash Trash
A1-2003 was reviewed by 2004. Level: Trash Excellent Trash Trash
A1-2003 was reviewed by 2005. Level: Competent NeedsWork Competent NeedsWork