A1-001 was reviewed by 002. Level: Excellent Excellent Competent Competent
A1-001 was reviewed by 003. Level: Excellent Excellent Competent Competent
A1-001 was reviewed by 004. Level: Competent Competent Competent Competent
A1-002 was reviewed by 001. Level: Excellent Excellent Competent Competent
A1-002 was reviewed by 003. Level: Excellent Excellent Competent Competent
A1-002 was reviewed by 004. Level: Competent Competent Competent Competent
A1-003 was reviewed by 001. Level: Excellent Excellent Competent Competent
A1-003 was reviewed by 002. Level: Excellent Excellent Competent Competent
A1-003 was reviewed by 004. Level: Competent Competent Competent Competent
A1-004 was reviewed by 001. Level: Excellent Excellent Competent Competent
A1-004 was reviewed by 002. Level: Excellent Excellent Competent Competent
A1-004 was reviewed by 003. Level: Competent Competent Competent Competent
A2-004 was reviewed by 001. Level: Excellent Excellent Competent Competent
A2-004 was reviewed by 002. Level: Excellent Excellent Competent Competent
A2-004 was reviewed by 003. Level: Competent Competent Competent Competent
A2-003 was reviewed by 001. Level: Excellent Excellent Competent Competent
A2-003 was reviewed by 002. Level: Excellent Excellent Competent Competent
A2-003 was reviewed by 004. Level: Competent Competent Competent Competent
A2-002 was reviewed by 001. Level: Excellent Excellent Competent Competent
A2-002 was reviewed by 003. Level: Excellent Excellent Competent Competent
A2-002 was reviewed by 004. Level: Competent Competent Competent Competent
A2-001 was reviewed by 002. Level: Excellent Excellent Competent Competent
A2-001 was reviewed by 003. Level: Excellent Excellent Competent Competent
A2-001 was reviewed by 004. Level: Competent Competent Competent Competent
Assignment: A1, Criterion: Knowledge/Understanding, AvgScore: 2.7
Assignment: A1, Criterion: Thinking/Inquiry, AvgScore: 2.7
Assignment: A1, Criterion: Communication, AvgScore: 2.0
Assignment: A1, Criterion: UseOfVisualAids, AvgScore: 2.0
Assignment: A1, Student: 001, Score: 2.3
Assignment: A1, Student: 002, Strength: Knowledge/Understanding Thinking/Inquiry
Assignment: A1, Student: 003, Weakness: Communication UseOfVisualAids
Assignment: A2, Criterion: Knowledge/Understanding, AvgScore: 2.7
Assignment: A2, Criterion: Thinking/Inquiry, AvgScore: 2.7
Assignment: A2, Criterion: Communication, AvgScore: 2.0
Assignment: A2, Criterion: UseOfVisualAids, AvgScore: 2.0
Assignment: A2, Student: 004, Score: 2.3
Assignment: A2, Student: 002, Strength: Knowledge/Understanding Thinking/Inquiry
Assignment: A2, Student: 001, Weakness: Communication UseOfVisualAids